[INFO] Top sim cfg file: /home/lenovo/Ascend/ascend-toolkit/cann-9.0.0-beta.1/x86_64-linux/simulator/dav_3510/lib/Ascend950pr_9599_sim.toml
[INFO] Model cfg file: /home/lenovo/Ascend/ascend-toolkit/cann-9.0.0-beta.1/x86_64-linux/simulator/dav_3510/lib/Ascend950pr_9599_model.toml
[INFO] FFTS plus cfg file: /home/lenovo/Ascend/ascend-toolkit/cann-9.0.0-beta.1/x86_64-linux/simulator/dav_3510/lib/Ascend950pr_9599_ffts_plus.toml
[INFO] [0000000000] sim_cfg: /home/lenovo/Ascend/ascend-toolkit/cann-9.0.0-beta.1/x86_64-linux/simulator/dav_3510/lib/Ascend950pr_9599_sim.toml
[INFO] [0000000000] model_cfg: /home/lenovo/Ascend/ascend-toolkit/cann-9.0.0-beta.1/x86_64-linux/simulator/dav_3510/lib/Ascend950pr_9599_model.toml
[INFO] [0000000000] stars_cfg: /home/lenovo/Ascend/ascend-toolkit/cann-9.0.0-beta.1/x86_64-linux/simulator/dav_3510/lib/Ascend950pr_9599_stars.toml
[INFO] [0000000000] ffts_cfg: /home/lenovo/Ascend/ascend-toolkit/cann-9.0.0-beta.1/x86_64-linux/simulator/dav_3510/lib/Ascend950pr_9599_ffts.toml
[INFO] [0000000000] ffts_plus_cfg: /home/lenovo/Ascend/ascend-toolkit/cann-9.0.0-beta.1/x86_64-linux/simulator/dav_3510/lib/Ascend950pr_9599_ffts_plus.toml
[FuncCache]: size:0x20000, line_size:128, way_num:16, line_num:1024, idx_num:64
             idx_lsb:7, idx_mask:0x3f, tag_lsb:13, tag_mask:0xffffffffffffffff, ofst_mask:0x7f

[INFO] Config file [1982_cloud_config.toml] from model dynamic library path. Path: /home/lenovo/Ascend/ascend-toolkit/cann-9.0.0-beta.1/x86_64-linux/simulator/dav_3510/lib/1982_cloud_config.toml
[TmSim]: Run in serial mode.
[INFO] Config file [./1982_cloud_config.toml] from model dynamic library path. Path: /home/lenovo/Ascend/ascend-toolkit/cann-9.0.0-beta.1/x86_64-linux/simulator/dav_3510/lib/1982_cloud_config.toml
[INFO] AicWrapper attach AIC 0, num_vec_core=2, num_subcore=3
[INFO] AicWrapper attach AIC 1, num_vec_core=2, num_subcore=3
[INFO] AicWrapper attach AIC 2, num_vec_core=2, num_subcore=3
[INFO] AicWrapper attach AIC 3, num_vec_core=2, num_subcore=3
[INFO] AicWrapper attach AIC 4, num_vec_core=2, num_subcore=3
[INFO] AicWrapper attach AIC 5, num_vec_core=2, num_subcore=3
[INFO] AicWrapper attach AIC 6, num_vec_core=2, num_subcore=3
[INFO] AicWrapper attach AIC 7, num_vec_core=2, num_subcore=3
[INFO] AicWrapper attach AIC 8, num_vec_core=2, num_subcore=3
[INFO] AicWrapper attach AIC 9, num_vec_core=2, num_subcore=3
[INFO] AicWrapper attach AIC 10, num_vec_core=2, num_subcore=3
[INFO] AicWrapper attach AIC 11, num_vec_core=2, num_subcore=3
[INFO] AicWrapper attach AIC 12, num_vec_core=2, num_subcore=3
[INFO] AicWrapper attach AIC 13, num_vec_core=2, num_subcore=3
[INFO] AicWrapper attach AIC 14, num_vec_core=2, num_subcore=3
[INFO] AicWrapper attach AIC 15, num_vec_core=2, num_subcore=3
[INFO] AicWrapper attach AIC 16, num_vec_core=2, num_subcore=3
[INFO] AicWrapper attach AIC 17, num_vec_core=2, num_subcore=3
[INFO] AicWrapper attach AIC 18, num_vec_core=2, num_subcore=3
[INFO] AicWrapper attach AIC 19, num_vec_core=2, num_subcore=3
[INFO] AicWrapper attach AIC 20, num_vec_core=2, num_subcore=3
[INFO] AicWrapper attach AIC 21, num_vec_core=2, num_subcore=3
[INFO] AicWrapper attach AIC 22, num_vec_core=2, num_subcore=3
[INFO] AicWrapper attach AIC 23, num_vec_core=2, num_subcore=3
[INFO] AicWrapper attach AIC 24, num_vec_core=2, num_subcore=3
[INFO] AicWrapper attach AIC 25, num_vec_core=2, num_subcore=3
[INFO] AicWrapper attach AIC 26, num_vec_core=2, num_subcore=3
[INFO] AicWrapper attach AIC 27, num_vec_core=2, num_subcore=3
[INFO] AicWrapper attach AIC 28, num_vec_core=2, num_subcore=3
[INFO] AicWrapper attach AIC 29, num_vec_core=2, num_subcore=3
[INFO] AicWrapper attach AIC 30, num_vec_core=2, num_subcore=3
[INFO] AicWrapper attach AIC 31, num_vec_core=2, num_subcore=3
[INFO] Chip 0 AIC / Scheduler / Soc periods: 200.0000 / 200.0000 / 105.0000
[INFO] chip 0 die 0 device created
================================================================================
>>>>                                                                        
>>>>                             " PEM MODEL "                                
>>>>             Total no. of 1 chip(s) Model Init Success!                
>>>>                                                                        
================================================================================
[INFO] Model Start Time: 2026-09-14 22:44:16
[DRVSTUB_LOG] driver_api.c:556 sendSwapBuf:swapbuf_base_addr:10000000
[DRVSTUB_LOG] driver_api.c:557 sendSwapBuf:sq:0 swapbuf_addr:10000000
[DRVSTUB_LOG] driver_api.c:556 sendSwapBuf:swapbuf_base_addr:10000000
[DRVSTUB_LOG] driver_api.c:557 sendSwapBuf:sq:1 swapbuf_addr:10000040
[info] [0000000009] [block_start]           : AIV, task_id=0, core_id=0, block_id=0
[info] [0000005339] [block_end]             : AIV, task_id=0, core_id=0, block_id=0
[INFO] native runtime sim finished for adam_kernel
  out[0] = 0.03521870
  out[1] = 0.05076582
  out[2] = 0.06631343
  out[3] = 0.08186152
  out[4] = 0.09741011
  out[5] = 0.11295918
  out[6] = 0.12850875
  out[7] = 0.14405879
[CHECK] output=0 mismatches=0 max_abs_err=5.9604645e-08 max_rel_err=1.1597471e-07
[CHECK] output=1 mismatches=0 max_abs_err=5.9604645e-08 max_rel_err=0.33333334
[CHECK] output=2 mismatches=0 max_abs_err=1.1920929e-07 max_rel_err=3.5496188e-07
[CHECK] PASS all three outputs
[info] [MCU_LOG] [INFO] [0000005340] stop (645):: mcu_wrapper is stopping...
[info] [MCU_LOG] [INFO] [0000005340] main_loop (624):: mcu_wrapper loop is stopping...
[info] [MCU_LOG] [INFO] [0000005341] stop (654):: mcu_wrapper loop joined successfully.
[INFO] Model Stop Time: 2026-09-14 22:45:12
Model RUN TIME: 56132.8 ms
[INFO] Total tick: 5340
[INFO] Model stopped successfully.
